// Jest Snapshot v1, https://goo.gl/fbAQLP

exports[`translateOas3ToRequest give a request body should translate it 1`] = `
Object {
  "body": Object {
    "contents": Array [
      "translateMediaTypeObject({\\"schema\\":{}}, content-a, {\\"content-a\\":{\\"schema\\":{}}})",
    ],
    "description": "descr",
    "required": true,
  },
}
`;

exports[`translateOas3ToRequest given no request body should translate parameters 1`] = `
Object {
  "header": Array [
    Object {
      "content": Object {
        "content-c": "translateMediaTypeObject({\\"schema\\":{}}, content-c, {\\"content-c\\":{\\"schema\\":{}}})",
      },
      "name": "param-name-3",
    },
  ],
  "query": Array [
    Object {
      "content": Object {
        "content-a": "translateMediaTypeObject({\\"schema\\":{}}, content-a, {\\"content-a\\":{\\"schema\\":{}}})",
      },
      "name": "param-name-1",
    },
    Object {
      "content": Object {
        "content-b": "translateMediaTypeObject({\\"schema\\":{}}, content-b, {\\"content-b\\":{\\"schema\\":{}}})",
      },
      "name": "param-name-2",
    },
  ],
}
`;
