// Jest Snapshot v1, https://goo.gl/fbAQLP

exports[`translateToOas3Responses given a response in dictionary should translate 1`] = `
Array [
  Object {
    "code": "200",
    "contents": Array [
      "translateMediaTypeObject({}, fake-content-type-200)",
    ],
    "description": "descr 200",
    "headers": Array [
      "translateHeaderObject({}, fake-header-name-200)",
    ],
  },
  Object {
    "code": "default",
    "contents": Array [
      "translateMediaTypeObject({}, fake-content-type)",
    ],
    "description": "descr",
    "headers": Array [
      "translateHeaderObject({}, fake-header-name-1)",
      "translateHeaderObject({}, fake-header-name-2)",
    ],
  },
]
`;

exports[`translateToOas3Responses given empty dictionary should return empty array 1`] = `Array []`;
