// Jest Snapshot v1, https://goo.gl/fbAQLP

exports[`getOasParameters should fallback to operation parameters 1`] = `
Array [
  Object {
    "in": "i1",
    "name": "n1",
  },
  Object {
    "in": "i2",
    "name": "n2",
  },
]
`;

exports[`getOasParameters should fallback to path parameters 1`] = `
Array [
  Object {
    "in": "i1",
    "name": "n1",
  },
  Object {
    "in": "i2",
    "name": "n2",
  },
]
`;

exports[`getOasParameters should prefer operation parameters 1`] = `
Array [
  Object {
    "in": "n1",
    "name": "n1",
    "type": "array",
  },
  Object {
    "in": "io2",
    "name": "no2",
  },
  Object {
    "in": "ip3",
    "name": "np3",
  },
]
`;
