// Jest Snapshot v1, https://goo.gl/fbAQLP

exports[`json plugin onDidCreateNode should listen for new nodes with contentType json, and add a parsed child 1`] = `
Object {
  "data": Object {
    "foo": "bar",
  },
  "pointers": Object {
    "": Object {
      "end": Object {
        "line": 1,
      },
      "start": Object {
        "line": 1,
      },
    },
    "/foo": Object {
      "end": Object {
        "line": 1,
      },
      "start": Object {
        "line": 1,
      },
    },
  },
  "validations": Array [],
}
`;
